exports[`test JSX matches snapshot 1`] = `
<div>
  <h1>
    Snapshot Workflow
  </h1>
  <h4>
    To creat a component test
  </h4>
  <ol>
    <li>
      Add a test file 
      <span
        style={
          Object {
            "color": "#ca461a",
            "fontFamily": "monospace",
            "fontStyle": "italic",
            "fontWeight": "bold",
          }
        }>
        [component_name].test.js
      </span>
       to a 
      <span
        style={
          Object {
            "color": "#ca461a",
            "fontFamily": "monospace",
            "fontStyle": "italic",
            "fontWeight": "bold",
          }
        }>
        __tests__
      </span>
       directory close to the component code.
    </li>
    <li>
      Use 
      <span
        style={
          Object {
            "color": "#ca461a",
            "fontFamily": "monospace",
            "fontStyle": "italic",
            "fontWeight": "bold",
          }
        }>
        toMatchSnapshot()
      </span>
       to assert the rendered component matches the snapshot
    </li>
    <li>
      Running the test creates a snapshot file in the 
      <span
        style={
          Object {
            "color": "#ca461a",
            "fontFamily": "monospace",
            "fontStyle": "italic",
            "fontWeight": "bold",
          }
        }>
        src/__tests__/components/__snapshots__
      </span>
       directory
    </li>
    <li>
      When the test passes 
      <span
        style={
          Object {
            "color": "#ca461a",
            "fontFamily": "monospace",
            "fontStyle": "italic",
            "fontWeight": "bold",
          }
        }>
        git commit
      </span>
       the snapshot and component
    </li>
  </ol>
  <h4>
    Updating anything in a component breaks the snapshot
  </h4>
  <ol>
    <li>
      View the snapshot diff in the watcher
    </li>
    <li>
      To accept the changes: update the snapshot file (type
      <span
        style={
          Object {
            "color": "#ca461a",
            "fontFamily": "monospace",
            "fontStyle": "italic",
            "fontWeight": "bold",
          }
        }>
        u
      </span>
       in the watcher) and commit the updated snapshot and component
    </li>
    <li>
      To discard the changes: undo the component update to match the snapshot
    </li>
  </ol>
</div>
`;
